Oct 06 07:14:59.722810 amazon-72748f2940af3470 local0.warning com.nostrobe.tv[942313]: 180 W W3CMEDIA:[MSE_EME] void ignite::media::MediaElement::push_time_update_event(): No Time update even in Playing state: 11.999000
Oct 06 07:14:59.947673 amazon-72748f2940af3470 local0.warning com.nostrobe.tv[942313]: 180 W W3CMEDIA:[MSE_EME] void ignite::media::MediaElement::push_time_update_event(): No Time update even in Playing state: 11.999000
Oct 06 07:15:00.198261 amazon-72748f2940af3470 local0.warning com.nostrobe.tv[942313]: 180 W W3CMEDIA:[MSE_EME] void ignite::media::MediaElement::push_time_update_event(): No Time update even in Playing state: 11.999000
Oct 06 07:15:00.448808 amazon-72748f2940af3470 local0.warning com.nostrobe.tv[942313]: 180 W W3CMEDIA:[MSE_EME] void ignite::media::MediaElement::push_time_update_event(): No Time update even in Playing state: 11.999000
Oct 06 07:15:00.604625 amazon-72748f2940af3470 local0.info com.nostrobe.tv[942313]:  Binder: Binder handle 33 died, dispatching death
Oct 06 07:15:00.604673 amazon-72748f2940af3470 local0.info com.nostrobe.tv[942313]:  Binder: Dispatching death to 0x7f64000d70 for handle 33
Oct 06 07:15:00.604863 amazon-72748f2940af3470 local0.info com.nostrobe.tv[942313]:  Binder: Binder handle 36 died, dispatching death
Oct 06 07:15:00.605071 amazon-72748f2940af3470 local0.info com.nostrobe.tv[942313]:  Binder: Dispatching death to 0x7f3c14c970 for handle 36
Oct 06 07:15:00.605124 amazon-72748f2940af3470 local0.warning com.nostrobe.tv[942313]: 545099936032 WARNING com.amazon.mediametrics.service.ipcf4.proxy: .endp_hdl.dth_ctx: [ssn: 2] Received endpoint's death callback.
Oct 06 07:15:00.605159 amazon-72748f2940af3470 local0.warning com.nostrobe.tv[942313]: 545074573600 WARNING com.amazon.mediametrics.service.ipcf4.proxy: .endp_hdl.dth_ctx: [ssn: 3] Received endpoint's death callback.
Oct 06 07:15:00.605180 amazon-72748f2940af3470 local0.warning com.nostrobe.tv[942313]: 545074573600 WARNING com.amazon.mediametrics.service.ipcf4.proxy: [ssn: 3] Service endpoint died.
Oct 06 07:15:00.605194 amazon-72748f2940af3470 local0.info com.nostrobe.tv[942313]:  Binder: Binder handle 32 died, dispatching death
Oct 06 07:15:00.605224 amazon-72748f2940af3470 local0.info com.nostrobe.tv[942313]:  Binder: Dispatching death to 0x7f4c000d70 for handle 32
Oct 06 07:15:00.605237 amazon-72748f2940af3470 local0.warning com.nostrobe.tv[942313]: 545099936032 WARNING com.amazon.mediametrics.service.ipcf4.proxy: [ssn: 2] Service endpoint died.
Oct 06 07:15:00.605313 amazon-72748f2940af3470 local0.warning com.nostrobe.tv[942313]: 547319042336 WARNING com.amazon.mediametrics.service.ipcf4.proxy: .endp_hdl.dth_ctx: [ssn: 1] Received endpoint's death callback.
Oct 06 07:15:00.605333 amazon-72748f2940af3470 local0.warning com.nostrobe.tv[942313]: 547319042336 WARNING com.amazon.mediametrics.service.ipcf4.proxy: [ssn: 1] Service endpoint died.
Oct 06 07:15:00.605798 amazon-72748f2940af3470 local0.err com.nostrobe.tv[942313]: 545074573600 ERROR com.amazon.mediametrics.service.ipcf4.proxy: .svc_endp_hdl: Failed to unbind from service! IPCN returned IPCN_ERR_REMOTE_ERROR
Oct 06 07:15:00.605835 amazon-72748f2940af3470 local0.info com.nostrobe.tv[942313]: 313 I MEDIA_METRICS:MediaMetricsClientAsync.cpp(84) operator() [0x7f3c1d6698]: Client current state : 3
Oct 06 07:15:00.605940 amazon-72748f2940af3470 local0.err com.nostrobe.tv[942313]: 545099936032 ERROR com.amazon.mediametrics.service.ipcf4.proxy: .svc_endp_hdl: Failed to unbind from service! IPCN returned IPCN_ERR_REMOTE_ERROR
Oct 06 07:15:00.605986 amazon-72748f2940af3470 local0.info com.nostrobe.tv[942313]: 311 I MEDIA_METRICS:MediaMetricsClientAsync.cpp(84) operator() [0x7f00063310]: Client current state : 3
Oct 06 07:15:00.606078 amazon-72748f2940af3470 local0.err com.nostrobe.tv[942313]: 547319042336 ERROR com.amazon.mediametrics.service.ipcf4.proxy: .svc_endp_hdl: Failed to unbind from service! IPCN returned IPCN_ERR_REMOTE_ERROR
Oct 06 07:15:00.606099 amazon-72748f2940af3470 local0.info com.nostrobe.tv[942313]: 7 I MEDIA_METRICS:MediaMetricsClientAsync.cpp(84) operator() [0x7f1404aa50]: Client current state : 3
Oct 06 07:15:00.699625 amazon-72748f2940af3470 local0.warning com.nostrobe.tv[942313]: 180 W W3CMEDIA:[MSE_EME] void ignite::media::MediaElement::push_time_update_event(): No Time update even in Playing state: 11.999000
Oct 06 07:15:00.949271 amazon-72748f2940af3470 local0.warning com.nostrobe.tv[942313]: 180 W W3CMEDIA:[MSE_EME] void ignite::media::MediaElement::push_time_update_event(): No Time update even in Playing state: 11.999000
Oct 06 07:15:01.199974 amazon-72748f2940af3470 local0.warning com.nostrobe.tv[942313]: 180 W W3CMEDIA:[MSE_EME] void ignite::media::MediaElement::push_time_update_event(): No Time update even in Playing state: 11.999000
Oct 06 07:15:01.450504 amazon-72748f2940af3470 local0.warning com.nostrobe.tv[942313]: 180 W W3CMEDIA:[MSE_EME] void ignite::media::MediaElement::push_time_update_event(): No Time update even in Playing state: 11.999000
Oct 06 07:15:01.700774 amazon-72748f2940af3470 local0.warning com.nostrobe.tv[942313]: 180 W W3CMEDIA:[MSE_EME] void ignite::media::MediaElement::push_time_update_event(): No Time update even in Playing state: 11.999000
Oct 06 07:15:01.951330 amazon-72748f2940af3470 local0.warning com.nostrobe.tv[942313]: 180 W W3CMEDIA:[MSE_EME] void ignite::media::MediaElement::push_time_update_event(): No Time update even in Playing state: 11.999000
Oct 06 07:15:02.201810 amazon-72748f2940af3470 local0.warning com.nostrobe.tv[942313]: 180 W W3CMEDIA:[MSE_EME] void ignite::media::MediaElement::push_time_update_event(): No Time update even in Playing state: 11.999000
Oct 06 07:15:02.452908 amazon-72748f2940af3470 local0.warning com.nostrobe.tv[942313]: 180 W W3CMEDIA:[MSE_EME] void ignite::media::MediaElement::push_time_update_event(): No Time update even in Playing state: 11.999000
Oct 06 07:15:02.554659 amazon-72748f2940af3470 local0.info com.nostrobe.tv[942313]: 546391912736 INFO com.amazon.keplerscript: [KeplerScript-Native] [MountingManager::SurfaceTelemetryLogger] surfaceId=1 mutations=216 transactions=29 commitTime={:.2f}ms diffTime={:.2f}ms layoutTime={:.2f}ms mountTime={:.2f}ms
Oct 06 07:15:02.704559 amazon-72748f2940af3470 local0.warning com.nostrobe.tv[942313]: 180 W W3CMEDIA:[MSE_EME] void ignite::media::MediaElement::push_time_update_event(): No Time update even in Playing state: 11.999000
Oct 06 07:15:02.956417 amazon-72748f2940af3470 local0.warning com.nostrobe.tv[942313]: 180 W W3CMEDIA:[MSE_EME] void ignite::media::MediaElement::push_time_update_event(): No Time update even in Playing state: 11.999000
Oct 06 07:15:03.206370 amazon-72748f2940af3470 local0.warning com.nostrobe.tv[942313]: 180 W W3CMEDIA:[MSE_EME] void ignite::media::MediaElement::push_time_update_event(): No Time update even in Playing state: 11.999000
Oct 06 07:15:03.456718 amazon-72748f2940af3470 local0.warning com.nostrobe.tv[942313]: 180 W W3CMEDIA:[MSE_EME] void ignite::media::MediaElement::push_time_update_event(): No Time update even in Playing state: 11.999000
Oct 06 07:15:03.707401 amazon-72748f2940af3470 local0.warning com.nostrobe.tv[942313]: 180 W W3CMEDIA:[MSE_EME] void ignite::media::MediaElement::push_time_update_event(): No Time update even in Playing state: 11.999000
Oct 06 07:15:03.958008 amazon-72748f2940af3470 local0.warning com.nostrobe.tv[942313]: 180 W W3CMEDIA:[MSE_EME] void ignite::media::MediaElement::push_time_update_event(): No Time update even in Playing state: 11.999000
Oct 06 07:15:04.208486 amazon-72748f2940af3470 local0.warning com.nostrobe.tv[942313]: 180 W W3CMEDIA:[MSE_EME] void ignite::media::MediaElement::push_time_update_event(): No Time update even in Playing state: 11.999000
Oct 06 07:15:04.459702 amazon-72748f2940af3470 local0.warning com.nostrobe.tv[942313]: 180 W W3CMEDIA:[MSE_EME] void ignite::media::MediaElement::push_time_update_event(): No Time update even in Playing state: 11.999000
Oct 06 07:15:04.709806 amazon-72748f2940af3470 local0.warning com.nostrobe.tv[942313]: 180 W W3CMEDIA:[MSE_EME] void ignite::media::MediaElement::push_time_update_event(): No Time update even in Playing state: 11.999000
Oct 06 07:15:04.961137 amazon-72748f2940af3470 local0.warning com.nostrobe.tv[942313]: 180 W W3CMEDIA:[MSE_EME] void ignite::media::MediaElement::push_time_update_event(): No Time update even in Playing state: 11.999000
Oct 06 07:15:05.212630 amazon-72748f2940af3470 local0.warning com.nostrobe.tv[942313]: 180 W W3CMEDIA:[MSE_EME] void ignite::media::MediaElement::push_time_update_event(): No Time update even in Playing state: 11.999000
Oct 06 07:15:05.462580 amazon-72748f2940af3470 local0.warning com.nostrobe.tv[942313]: 180 W W3CMEDIA:[MSE_EME] void ignite::media::MediaElement::push_time_update_event(): No Time update even in Playing state: 11.999000
Oct 06 07:15:05.713219 amazon-72748f2940af3470 local0.warning com.nostrobe.tv[942313]: 180 W W3CMEDIA:[MSE_EME] void ignite::media::MediaElement::push_time_update_event(): No Time update even in Playing state: 11.999000
Oct 06 07:15:05.963839 amazon-72748f2940af3470 local0.warning com.nostrobe.tv[942313]: 180 W W3CMEDIA:[MSE_EME] void ignite::media::MediaElement::push_time_update_event(): No Time update even in Playing state: 11.999000
Oct 06 07:15:06.214120 amazon-72748f2940af3470 local0.warning com.nostrobe.tv[942313]: 180 W W3CMEDIA:[MSE_EME] void ignite::media::MediaElement::push_time_update_event(): No Time update even in Playing state: 11.999000
Oct 06 07:15:06.472203 amazon-72748f2940af3470 local0.warning com.nostrobe.tv[942313]: 180 W W3CMEDIA:[MSE_EME] void ignite::media::MediaElement::push_time_update_event(): No Time update even in Playing state: 11.999000
Oct 06 07:15:06.717845 amazon-72748f2940af3470 local0.warning com.nostrobe.tv[942313]: 180 W W3CMEDIA:[MSE_EME] void ignite::media::MediaElement::push_time_update_event(): No Time update even in Playing state: 11.999000
Oct 06 07:15:06.969181 amazon-72748f2940af3470 local0.warning com.nostrobe.tv[942313]: 180 W W3CMEDIA:[MSE_EME] void ignite::media::MediaElement::push_time_update_event(): No Time update even in Playing state: 11.999000
Oct 06 07:15:07.219606 amazon-72748f2940af3470 local0.warning com.nostrobe.tv[942313]: 180 W W3CMEDIA:[MSE_EME] void ignite::media::MediaElement::push_time_update_event(): No Time update even in Playing state: 11.999000
Oct 06 07:15:07.469942 amazon-72748f2940af3470 local0.warning com.nostrobe.tv[942313]: 180 W W3CMEDIA:[MSE_EME] void ignite::media::MediaElement::push_time_update_event(): No Time update even in Playing state: 11.999000
Oct 06 07:15:07.555314 amazon-72748f2940af3470 local0.info com.nostrobe.tv[942313]: 546391912736 INFO com.amazon.keplerscript: [KeplerScript-Native] [MountingManager::SurfaceTelemetryLogger] surfaceId=1 mutations=216 transactions=29 commitTime={:.2f}ms diffTime={:.2f}ms layoutTime={:.2f}ms mountTime={:.2f}ms
Oct 06 07:15:07.720222 amazon-72748f2940af3470 local0.warning com.nostrobe.tv[942313]: 180 W W3CMEDIA:[MSE_EME] void ignite::media::MediaElement::push_time_update_event(): No Time update even in Playing state: 11.999000
Oct 06 07:15:07.970791 amazon-72748f2940af3470 local0.warning com.nostrobe.tv[942313]: 180 W W3CMEDIA:[MSE_EME] void ignite::media::MediaElement::push_time_update_event(): No Time update even in Playing state: 11.999000
Oct 06 07:15:08.221046 amazon-72748f2940af3470 local0.warning com.nostrobe.tv[942313]: 180 W W3CMEDIA:[MSE_EME] void ignite::media::MediaElement::push_time_update_event(): No Time update even in Playing state: 11.999000
Oct 06 07:15:08.471558 amazon-72748f2940af3470 local0.warning com.nostrobe.tv[942313]: 180 W W3CMEDIA:[MSE_EME] void ignite::media::MediaElement::push_time_update_event(): No Time update even in Playing state: 11.999000
Oct 06 07:15:08.721987 amazon-72748f2940af3470 local0.warning com.nostrobe.tv[942313]: 180 W W3CMEDIA:[MSE_EME] void ignite::media::MediaElement::push_time_update_event(): No Time update even in Playing state: 11.999000
Oct 06 07:15:08.972453 amazon-72748f2940af3470 local0.warning com.nostrobe.tv[942313]: 180 W W3CMEDIA:[MSE_EME] void ignite::media::MediaElement::push_time_update_event(): No Time update even in Playing state: 11.999000
Oct 06 07:15:09.223437 amazon-72748f2940af3470 local0.warning com.nostrobe.tv[942313]: 180 W W3CMEDIA:[MSE_EME] void ignite::media::MediaElement::push_time_update_event(): No Time update even in Playing state: 11.999000
Oct 06 07:15:09.532794 amazon-72748f2940af3470 local0.warning com.nostrobe.tv[942313]: 180 W W3CMEDIA:[MSE_EME] void ignite::media::MediaElement::push_time_update_event(): No Time update even in Playing state: 11.999000
Oct 06 07:15:09.744293 amazon-72748f2940af3470 local0.warning com.nostrobe.tv[942313]: 180 W W3CMEDIA:[MSE_EME] void ignite::media::MediaElement::push_time_update_event(): No Time update even in Playing state: 11.999000
Oct 06 07:15:09.987646 amazon-72748f2940af3470 local0.warning com.nostrobe.tv[942313]: 180 W W3CMEDIA:[MSE_EME] void ignite::media::MediaElement::push_time_update_event(): No Time update even in Playing state: 11.999000

